Partition Merge report for AudioFX
Sun Jul 14 18:37:16 2019
Quartus Prime Version 17.1.0 Build 590 10/25/2017 SJ Lite Edition


---------------------
; Table of Contents ;
---------------------
  1. Legal Notice
  2. Partition Merge Summary
  3. Partition Merge Netlist Types Used
  4. Connections to In-System Debugging Instance "auto_signaltap_0"
  5. Partition Merge Partition Statistics
  6. Partition Merge Partition Pin Processing
  7. Partition Merge Resource Usage Summary
  8. Partition Merge RAM Summary
  9. Partition Merge Messages



----------------
; Legal Notice ;
----------------
Copyright (C) 2017  Intel Corporation. All rights reserved.
Your use of Intel Corporation's design tools, logic functions 
and other software and tools, and its AMPP partner logic 
functions, and any output files from any of the foregoing 
(including device programming or simulation files), and any 
associated documentation or information are expressly subject 
to the terms and conditions of the Intel Program License 
Subscription Agreement, the Intel Quartus Prime License Agreement,
the Intel FPGA IP License Agreement, or other applicable license
agreement, including, without limitation, that your use is for
the sole purpose of programming logic devices manufactured by
Intel and sold by Intel or its authorized distributors.  Please
refer to the applicable agreement for further details.



+-------------------------------------------------------------------------------+
; Partition Merge Summary                                                       ;
+---------------------------------+---------------------------------------------+
; Partition Merge Status          ; Successful - Sun Jul 14 18:37:16 2019       ;
; Quartus Prime Version           ; 17.1.0 Build 590 10/25/2017 SJ Lite Edition ;
; Revision Name                   ; AudioFX                                     ;
; Top-level Entity Name           ; AudioFX                                     ;
; Family                          ; Cyclone V                                   ;
; Logic utilization (in ALMs)     ; N/A                                         ;
; Total registers                 ; 1206                                        ;
; Total pins                      ; 33                                          ;
; Total virtual pins              ; 0                                           ;
; Total block memory bits         ; 12,928                                      ;
; Total DSP Blocks                ; 0                                           ;
; Total HSSI RX PCSs              ; 0                                           ;
; Total HSSI PMA RX Deserializers ; 0                                           ;
; Total HSSI TX PCSs              ; 0                                           ;
; Total HSSI PMA TX Serializers   ; 0                                           ;
; Total PLLs                      ; 1                                           ;
; Total DLLs                      ; 0                                           ;
+---------------------------------+---------------------------------------------+


+-------------------------------------------------------------------------------------------------------------------------------+
; Partition Merge Netlist Types Used                                                                                            ;
+--------------------------------+----------------+-------------------+------------------------+--------------------------------+
; Partition Name                 ; Partition Type ; Netlist Type Used ; Netlist Type Requested ; Partition Contents             ;
+--------------------------------+----------------+-------------------+------------------------+--------------------------------+
; Top                            ; User-created   ; Source File       ; Source File            ;                                ;
; sld_hub:auto_hub               ; Auto-generated ; Post-Synthesis    ; Post-Synthesis         ; sld_hub:auto_hub               ;
; sld_signaltap:auto_signaltap_0 ; Auto-generated ; Post-Synthesis    ; Post-Synthesis         ; sld_signaltap:auto_signaltap_0 ;
; hard_block:auto_generated_inst ; Auto-generated ; Source File       ; Source File            ; hard_block:auto_generated_inst ;
+--------------------------------+----------------+-------------------+------------------------+--------------------------------+


+---------------------------------------------------------------------------------------------------------------------------------------------------------------------------------------------------------------------------------------------------------------------------------------------------+
; Connections to In-System Debugging Instance "auto_signaltap_0"                                                                                                                                                                                                                                    ;
+----------------------+---------------+-----------+--------------------------------+-------------------+-------------------------------------+-----------------------------------------------------------------------------------------------------------------------------------------------------+
; Name                 ; Type          ; Status    ; Partition Name                 ; Netlist Type Used ; Actual Connection                   ; Details                                                                                                                                             ;
+----------------------+---------------+-----------+--------------------------------+-------------------+-------------------------------------+-----------------------------------------------------------------------------------------------------------------------------------------------------+
; CLOCK_50             ; pre-synthesis ; connected ; Top                            ; post-synthesis    ; CLOCK_50                            ; N/A                                                                                                                                                 ;
; DAC_Data[0][0]       ; pre-synthesis ; missing   ; Top                            ; post-synthesis    ; GND                                 ; The pre-synthesis tap must be preserved by Analysis & Synthesis before it can be tapped.  Set the partition's netlist type to Source and recompile. ;
; DAC_Data[0][0]       ; pre-synthesis ; missing   ; Top                            ; post-synthesis    ; GND                                 ; The pre-synthesis tap must be preserved by Analysis & Synthesis before it can be tapped.  Set the partition's netlist type to Source and recompile. ;
; DAC_Data[0][10]      ; pre-synthesis ; missing   ; Top                            ; post-synthesis    ; GND                                 ; The pre-synthesis tap must be preserved by Analysis & Synthesis before it can be tapped.  Set the partition's netlist type to Source and recompile. ;
; DAC_Data[0][10]      ; pre-synthesis ; missing   ; Top                            ; post-synthesis    ; GND                                 ; The pre-synthesis tap must be preserved by Analysis & Synthesis before it can be tapped.  Set the partition's netlist type to Source and recompile. ;
; DAC_Data[0][11]      ; pre-synthesis ; missing   ; Top                            ; post-synthesis    ; GND                                 ; The pre-synthesis tap must be preserved by Analysis & Synthesis before it can be tapped.  Set the partition's netlist type to Source and recompile. ;
; DAC_Data[0][11]      ; pre-synthesis ; missing   ; Top                            ; post-synthesis    ; GND                                 ; The pre-synthesis tap must be preserved by Analysis & Synthesis before it can be tapped.  Set the partition's netlist type to Source and recompile. ;
; DAC_Data[0][12]      ; pre-synthesis ; missing   ; Top                            ; post-synthesis    ; GND                                 ; The pre-synthesis tap must be preserved by Analysis & Synthesis before it can be tapped.  Set the partition's netlist type to Source and recompile. ;
; DAC_Data[0][12]      ; pre-synthesis ; missing   ; Top                            ; post-synthesis    ; GND                                 ; The pre-synthesis tap must be preserved by Analysis & Synthesis before it can be tapped.  Set the partition's netlist type to Source and recompile. ;
; DAC_Data[0][13]      ; pre-synthesis ; missing   ; Top                            ; post-synthesis    ; GND                                 ; The pre-synthesis tap must be preserved by Analysis & Synthesis before it can be tapped.  Set the partition's netlist type to Source and recompile. ;
; DAC_Data[0][13]      ; pre-synthesis ; missing   ; Top                            ; post-synthesis    ; GND                                 ; The pre-synthesis tap must be preserved by Analysis & Synthesis before it can be tapped.  Set the partition's netlist type to Source and recompile. ;
; DAC_Data[0][14]      ; pre-synthesis ; missing   ; Top                            ; post-synthesis    ; GND                                 ; The pre-synthesis tap must be preserved by Analysis & Synthesis before it can be tapped.  Set the partition's netlist type to Source and recompile. ;
; DAC_Data[0][14]      ; pre-synthesis ; missing   ; Top                            ; post-synthesis    ; GND                                 ; The pre-synthesis tap must be preserved by Analysis & Synthesis before it can be tapped.  Set the partition's netlist type to Source and recompile. ;
; DAC_Data[0][15]      ; pre-synthesis ; missing   ; Top                            ; post-synthesis    ; GND                                 ; The pre-synthesis tap must be preserved by Analysis & Synthesis before it can be tapped.  Set the partition's netlist type to Source and recompile. ;
; DAC_Data[0][15]      ; pre-synthesis ; missing   ; Top                            ; post-synthesis    ; GND                                 ; The pre-synthesis tap must be preserved by Analysis & Synthesis before it can be tapped.  Set the partition's netlist type to Source and recompile. ;
; DAC_Data[0][1]       ; pre-synthesis ; missing   ; Top                            ; post-synthesis    ; GND                                 ; The pre-synthesis tap must be preserved by Analysis & Synthesis before it can be tapped.  Set the partition's netlist type to Source and recompile. ;
; DAC_Data[0][1]       ; pre-synthesis ; missing   ; Top                            ; post-synthesis    ; GND                                 ; The pre-synthesis tap must be preserved by Analysis & Synthesis before it can be tapped.  Set the partition's netlist type to Source and recompile. ;
; DAC_Data[0][2]       ; pre-synthesis ; missing   ; Top                            ; post-synthesis    ; GND                                 ; The pre-synthesis tap must be preserved by Analysis & Synthesis before it can be tapped.  Set the partition's netlist type to Source and recompile. ;
; DAC_Data[0][2]       ; pre-synthesis ; missing   ; Top                            ; post-synthesis    ; GND                                 ; The pre-synthesis tap must be preserved by Analysis & Synthesis before it can be tapped.  Set the partition's netlist type to Source and recompile. ;
; DAC_Data[0][3]       ; pre-synthesis ; missing   ; Top                            ; post-synthesis    ; GND                                 ; The pre-synthesis tap must be preserved by Analysis & Synthesis before it can be tapped.  Set the partition's netlist type to Source and recompile. ;
; DAC_Data[0][3]       ; pre-synthesis ; missing   ; Top                            ; post-synthesis    ; GND                                 ; The pre-synthesis tap must be preserved by Analysis & Synthesis before it can be tapped.  Set the partition's netlist type to Source and recompile. ;
; DAC_Data[0][4]       ; pre-synthesis ; missing   ; Top                            ; post-synthesis    ; GND                                 ; The pre-synthesis tap must be preserved by Analysis & Synthesis before it can be tapped.  Set the partition's netlist type to Source and recompile. ;
; DAC_Data[0][4]       ; pre-synthesis ; missing   ; Top                            ; post-synthesis    ; GND                                 ; The pre-synthesis tap must be preserved by Analysis & Synthesis before it can be tapped.  Set the partition's netlist type to Source and recompile. ;
; DAC_Data[0][5]       ; pre-synthesis ; missing   ; Top                            ; post-synthesis    ; GND                                 ; The pre-synthesis tap must be preserved by Analysis & Synthesis before it can be tapped.  Set the partition's netlist type to Source and recompile. ;
; DAC_Data[0][5]       ; pre-synthesis ; missing   ; Top                            ; post-synthesis    ; GND                                 ; The pre-synthesis tap must be preserved by Analysis & Synthesis before it can be tapped.  Set the partition's netlist type to Source and recompile. ;
; DAC_Data[0][6]       ; pre-synthesis ; missing   ; Top                            ; post-synthesis    ; GND                                 ; The pre-synthesis tap must be preserved by Analysis & Synthesis before it can be tapped.  Set the partition's netlist type to Source and recompile. ;
; DAC_Data[0][6]       ; pre-synthesis ; missing   ; Top                            ; post-synthesis    ; GND                                 ; The pre-synthesis tap must be preserved by Analysis & Synthesis before it can be tapped.  Set the partition's netlist type to Source and recompile. ;
; DAC_Data[0][7]       ; pre-synthesis ; missing   ; Top                            ; post-synthesis    ; GND                                 ; The pre-synthesis tap must be preserved by Analysis & Synthesis before it can be tapped.  Set the partition's netlist type to Source and recompile. ;
; DAC_Data[0][7]       ; pre-synthesis ; missing   ; Top                            ; post-synthesis    ; GND                                 ; The pre-synthesis tap must be preserved by Analysis & Synthesis before it can be tapped.  Set the partition's netlist type to Source and recompile. ;
; DAC_Data[0][8]       ; pre-synthesis ; missing   ; Top                            ; post-synthesis    ; GND                                 ; The pre-synthesis tap must be preserved by Analysis & Synthesis before it can be tapped.  Set the partition's netlist type to Source and recompile. ;
; DAC_Data[0][8]       ; pre-synthesis ; missing   ; Top                            ; post-synthesis    ; GND                                 ; The pre-synthesis tap must be preserved by Analysis & Synthesis before it can be tapped.  Set the partition's netlist type to Source and recompile. ;
; DAC_Data[0][9]       ; pre-synthesis ; missing   ; Top                            ; post-synthesis    ; GND                                 ; The pre-synthesis tap must be preserved by Analysis & Synthesis before it can be tapped.  Set the partition's netlist type to Source and recompile. ;
; DAC_Data[0][9]       ; pre-synthesis ; missing   ; Top                            ; post-synthesis    ; GND                                 ; The pre-synthesis tap must be preserved by Analysis & Synthesis before it can be tapped.  Set the partition's netlist type to Source and recompile. ;
; DAC_Data[1][0]       ; pre-synthesis ; missing   ; Top                            ; post-synthesis    ; GND                                 ; The pre-synthesis tap must be preserved by Analysis & Synthesis before it can be tapped.  Set the partition's netlist type to Source and recompile. ;
; DAC_Data[1][0]       ; pre-synthesis ; missing   ; Top                            ; post-synthesis    ; GND                                 ; The pre-synthesis tap must be preserved by Analysis & Synthesis before it can be tapped.  Set the partition's netlist type to Source and recompile. ;
; DAC_Data[1][10]      ; pre-synthesis ; missing   ; Top                            ; post-synthesis    ; GND                                 ; The pre-synthesis tap must be preserved by Analysis & Synthesis before it can be tapped.  Set the partition's netlist type to Source and recompile. ;
; DAC_Data[1][10]      ; pre-synthesis ; missing   ; Top                            ; post-synthesis    ; GND                                 ; The pre-synthesis tap must be preserved by Analysis & Synthesis before it can be tapped.  Set the partition's netlist type to Source and recompile. ;
; DAC_Data[1][11]      ; pre-synthesis ; missing   ; Top                            ; post-synthesis    ; GND                                 ; The pre-synthesis tap must be preserved by Analysis & Synthesis before it can be tapped.  Set the partition's netlist type to Source and recompile. ;
; DAC_Data[1][11]      ; pre-synthesis ; missing   ; Top                            ; post-synthesis    ; GND                                 ; The pre-synthesis tap must be preserved by Analysis & Synthesis before it can be tapped.  Set the partition's netlist type to Source and recompile. ;
; DAC_Data[1][12]      ; pre-synthesis ; missing   ; Top                            ; post-synthesis    ; GND                                 ; The pre-synthesis tap must be preserved by Analysis & Synthesis before it can be tapped.  Set the partition's netlist type to Source and recompile. ;
; DAC_Data[1][12]      ; pre-synthesis ; missing   ; Top                            ; post-synthesis    ; GND                                 ; The pre-synthesis tap must be preserved by Analysis & Synthesis before it can be tapped.  Set the partition's netlist type to Source and recompile. ;
; DAC_Data[1][13]      ; pre-synthesis ; missing   ; Top                            ; post-synthesis    ; GND                                 ; The pre-synthesis tap must be preserved by Analysis & Synthesis before it can be tapped.  Set the partition's netlist type to Source and recompile. ;
; DAC_Data[1][13]      ; pre-synthesis ; missing   ; Top                            ; post-synthesis    ; GND                                 ; The pre-synthesis tap must be preserved by Analysis & Synthesis before it can be tapped.  Set the partition's netlist type to Source and recompile. ;
; DAC_Data[1][14]      ; pre-synthesis ; missing   ; Top                            ; post-synthesis    ; GND                                 ; The pre-synthesis tap must be preserved by Analysis & Synthesis before it can be tapped.  Set the partition's netlist type to Source and recompile. ;
; DAC_Data[1][14]      ; pre-synthesis ; missing   ; Top                            ; post-synthesis    ; GND                                 ; The pre-synthesis tap must be preserved by Analysis & Synthesis before it can be tapped.  Set the partition's netlist type to Source and recompile. ;
; DAC_Data[1][15]      ; pre-synthesis ; missing   ; Top                            ; post-synthesis    ; GND                                 ; The pre-synthesis tap must be preserved by Analysis & Synthesis before it can be tapped.  Set the partition's netlist type to Source and recompile. ;
; DAC_Data[1][15]      ; pre-synthesis ; missing   ; Top                            ; post-synthesis    ; GND                                 ; The pre-synthesis tap must be preserved by Analysis & Synthesis before it can be tapped.  Set the partition's netlist type to Source and recompile. ;
; DAC_Data[1][1]       ; pre-synthesis ; missing   ; Top                            ; post-synthesis    ; GND                                 ; The pre-synthesis tap must be preserved by Analysis & Synthesis before it can be tapped.  Set the partition's netlist type to Source and recompile. ;
; DAC_Data[1][1]       ; pre-synthesis ; missing   ; Top                            ; post-synthesis    ; GND                                 ; The pre-synthesis tap must be preserved by Analysis & Synthesis before it can be tapped.  Set the partition's netlist type to Source and recompile. ;
; DAC_Data[1][2]       ; pre-synthesis ; missing   ; Top                            ; post-synthesis    ; GND                                 ; The pre-synthesis tap must be preserved by Analysis & Synthesis before it can be tapped.  Set the partition's netlist type to Source and recompile. ;
; DAC_Data[1][2]       ; pre-synthesis ; missing   ; Top                            ; post-synthesis    ; GND                                 ; The pre-synthesis tap must be preserved by Analysis & Synthesis before it can be tapped.  Set the partition's netlist type to Source and recompile. ;
; DAC_Data[1][3]       ; pre-synthesis ; missing   ; Top                            ; post-synthesis    ; GND                                 ; The pre-synthesis tap must be preserved by Analysis & Synthesis before it can be tapped.  Set the partition's netlist type to Source and recompile. ;
; DAC_Data[1][3]       ; pre-synthesis ; missing   ; Top                            ; post-synthesis    ; GND                                 ; The pre-synthesis tap must be preserved by Analysis & Synthesis before it can be tapped.  Set the partition's netlist type to Source and recompile. ;
; DAC_Data[1][4]       ; pre-synthesis ; missing   ; Top                            ; post-synthesis    ; GND                                 ; The pre-synthesis tap must be preserved by Analysis & Synthesis before it can be tapped.  Set the partition's netlist type to Source and recompile. ;
; DAC_Data[1][4]       ; pre-synthesis ; missing   ; Top                            ; post-synthesis    ; GND                                 ; The pre-synthesis tap must be preserved by Analysis & Synthesis before it can be tapped.  Set the partition's netlist type to Source and recompile. ;
; DAC_Data[1][5]       ; pre-synthesis ; missing   ; Top                            ; post-synthesis    ; GND                                 ; The pre-synthesis tap must be preserved by Analysis & Synthesis before it can be tapped.  Set the partition's netlist type to Source and recompile. ;
; DAC_Data[1][5]       ; pre-synthesis ; missing   ; Top                            ; post-synthesis    ; GND                                 ; The pre-synthesis tap must be preserved by Analysis & Synthesis before it can be tapped.  Set the partition's netlist type to Source and recompile. ;
; DAC_Data[1][6]       ; pre-synthesis ; missing   ; Top                            ; post-synthesis    ; GND                                 ; The pre-synthesis tap must be preserved by Analysis & Synthesis before it can be tapped.  Set the partition's netlist type to Source and recompile. ;
; DAC_Data[1][6]       ; pre-synthesis ; missing   ; Top                            ; post-synthesis    ; GND                                 ; The pre-synthesis tap must be preserved by Analysis & Synthesis before it can be tapped.  Set the partition's netlist type to Source and recompile. ;
; DAC_Data[1][7]       ; pre-synthesis ; missing   ; Top                            ; post-synthesis    ; GND                                 ; The pre-synthesis tap must be preserved by Analysis & Synthesis before it can be tapped.  Set the partition's netlist type to Source and recompile. ;
; DAC_Data[1][7]       ; pre-synthesis ; missing   ; Top                            ; post-synthesis    ; GND                                 ; The pre-synthesis tap must be preserved by Analysis & Synthesis before it can be tapped.  Set the partition's netlist type to Source and recompile. ;
; DAC_Data[1][8]       ; pre-synthesis ; missing   ; Top                            ; post-synthesis    ; GND                                 ; The pre-synthesis tap must be preserved by Analysis & Synthesis before it can be tapped.  Set the partition's netlist type to Source and recompile. ;
; DAC_Data[1][8]       ; pre-synthesis ; missing   ; Top                            ; post-synthesis    ; GND                                 ; The pre-synthesis tap must be preserved by Analysis & Synthesis before it can be tapped.  Set the partition's netlist type to Source and recompile. ;
; DAC_Data[1][9]       ; pre-synthesis ; missing   ; Top                            ; post-synthesis    ; GND                                 ; The pre-synthesis tap must be preserved by Analysis & Synthesis before it can be tapped.  Set the partition's netlist type to Source and recompile. ;
; DAC_Data[1][9]       ; pre-synthesis ; missing   ; Top                            ; post-synthesis    ; GND                                 ; The pre-synthesis tap must be preserved by Analysis & Synthesis before it can be tapped.  Set the partition's netlist type to Source and recompile. ;
; DAC_Valid[0]         ; pre-synthesis ; missing   ; Top                            ; post-synthesis    ; GND                                 ; The pre-synthesis tap must be preserved by Analysis & Synthesis before it can be tapped.  Set the partition's netlist type to Source and recompile. ;
; DAC_Valid[0]         ; pre-synthesis ; missing   ; Top                            ; post-synthesis    ; GND                                 ; The pre-synthesis tap must be preserved by Analysis & Synthesis before it can be tapped.  Set the partition's netlist type to Source and recompile. ;
; DAC_Valid[1]         ; pre-synthesis ; missing   ; Top                            ; post-synthesis    ; GND                                 ; The pre-synthesis tap must be preserved by Analysis & Synthesis before it can be tapped.  Set the partition's netlist type to Source and recompile. ;
; DAC_Valid[1]         ; pre-synthesis ; missing   ; Top                            ; post-synthesis    ; GND                                 ; The pre-synthesis tap must be preserved by Analysis & Synthesis before it can be tapped.  Set the partition's netlist type to Source and recompile. ;
; AUD_ADCDAT           ; post-fitting  ; connected ; Top                            ; post-synthesis    ; AUD_ADCDAT                          ; N/A                                                                                                                                                 ;
; AUD_ADCDAT           ; post-fitting  ; connected ; Top                            ; post-synthesis    ; AUD_ADCDAT                          ; N/A                                                                                                                                                 ;
; AUD_BCLK             ; post-fitting  ; connected ; Top                            ; post-synthesis    ; AUD_BCLK                            ; N/A                                                                                                                                                 ;
; AUD_BCLK             ; post-fitting  ; connected ; Top                            ; post-synthesis    ; AUD_BCLK                            ; N/A                                                                                                                                                 ;
; SW[0]                ; post-fitting  ; connected ; Top                            ; post-synthesis    ; SW[0]                               ; N/A                                                                                                                                                 ;
; SW[0]                ; post-fitting  ; connected ; Top                            ; post-synthesis    ; SW[0]                               ; N/A                                                                                                                                                 ;
; auto_signaltap_0|gnd ; post-fitting  ; connected ; sld_signaltap:auto_signaltap_0 ; post-synthesis    ; sld_signaltap:auto_signaltap_0|~GND ; N/A                                                                                                                                                 ;
; auto_signaltap_0|gnd ; post-fitting  ; connected ; sld_signaltap:auto_signaltap_0 ; post-synthesis    ; sld_signaltap:auto_signaltap_0|~GND ; N/A                                                                                                                                                 ;
; auto_signaltap_0|gnd ; post-fitting  ; connected ; sld_signaltap:auto_signaltap_0 ; post-synthesis    ; sld_signaltap:auto_signaltap_0|~GND ; N/A                                                                                                                                                 ;
; auto_signaltap_0|gnd ; post-fitting  ; connected ; sld_signaltap:auto_signaltap_0 ; post-synthesis    ; sld_signaltap:auto_signaltap_0|~GND ; N/A                                                                                                                                                 ;
; auto_signaltap_0|gnd ; post-fitting  ; connected ; sld_signaltap:auto_signaltap_0 ; post-synthesis    ; sld_signaltap:auto_signaltap_0|~GND ; N/A                                                                                                                                                 ;
; auto_signaltap_0|gnd ; post-fitting  ; connected ; sld_signaltap:auto_signaltap_0 ; post-synthesis    ; sld_signaltap:auto_signaltap_0|~GND ; N/A                                                                                                                                                 ;
; auto_signaltap_0|gnd ; post-fitting  ; connected ; sld_signaltap:auto_signaltap_0 ; post-synthesis    ; sld_signaltap:auto_signaltap_0|~GND ; N/A                                                                                                                                                 ;
; auto_signaltap_0|gnd ; post-fitting  ; connected ; sld_signaltap:auto_signaltap_0 ; post-synthesis    ; sld_signaltap:auto_signaltap_0|~GND ; N/A                                                                                                                                                 ;
; auto_signaltap_0|gnd ; post-fitting  ; connected ; sld_signaltap:auto_signaltap_0 ; post-synthesis    ; sld_signaltap:auto_signaltap_0|~GND ; N/A                                                                                                                                                 ;
; auto_signaltap_0|gnd ; post-fitting  ; connected ; sld_signaltap:auto_signaltap_0 ; post-synthesis    ; sld_signaltap:auto_signaltap_0|~GND ; N/A                                                                                                                                                 ;
; auto_signaltap_0|gnd ; post-fitting  ; connected ; sld_signaltap:auto_signaltap_0 ; post-synthesis    ; sld_signaltap:auto_signaltap_0|~GND ; N/A                                                                                                                                                 ;
; auto_signaltap_0|gnd ; post-fitting  ; connected ; sld_signaltap:auto_signaltap_0 ; post-synthesis    ; sld_signaltap:auto_signaltap_0|~GND ; N/A                                                                                                                                                 ;
; auto_signaltap_0|gnd ; post-fitting  ; connected ; sld_signaltap:auto_signaltap_0 ; post-synthesis    ; sld_signaltap:auto_signaltap_0|~GND ; N/A                                                                                                                                                 ;
; auto_signaltap_0|gnd ; post-fitting  ; connected ; sld_signaltap:auto_signaltap_0 ; post-synthesis    ; sld_signaltap:auto_signaltap_0|~GND ; N/A                                                                                                                                                 ;
; auto_signaltap_0|gnd ; post-fitting  ; connected ; sld_signaltap:auto_signaltap_0 ; post-synthesis    ; sld_signaltap:auto_signaltap_0|~GND ; N/A                                                                                                                                                 ;
; auto_signaltap_0|gnd ; post-fitting  ; connected ; sld_signaltap:auto_signaltap_0 ; post-synthesis    ; sld_signaltap:auto_signaltap_0|~GND ; N/A                                                                                                                                                 ;
; auto_signaltap_0|vcc ; post-fitting  ; connected ; sld_signaltap:auto_signaltap_0 ; post-synthesis    ; sld_signaltap:auto_signaltap_0|~VCC ; N/A                                                                                                                                                 ;
; auto_signaltap_0|vcc ; post-fitting  ; connected ; sld_signaltap:auto_signaltap_0 ; post-synthesis    ; sld_signaltap:auto_signaltap_0|~VCC ; N/A                                                                                                                                                 ;
; auto_signaltap_0|vcc ; post-fitting  ; connected ; sld_signaltap:auto_signaltap_0 ; post-synthesis    ; sld_signaltap:auto_signaltap_0|~VCC ; N/A                                                                                                                                                 ;
; auto_signaltap_0|vcc ; post-fitting  ; connected ; sld_signaltap:auto_signaltap_0 ; post-synthesis    ; sld_signaltap:auto_signaltap_0|~VCC ; N/A                                                                                                                                                 ;
; auto_signaltap_0|vcc ; post-fitting  ; connected ; sld_signaltap:auto_signaltap_0 ; post-synthesis    ; sld_signaltap:auto_signaltap_0|~VCC ; N/A                                                                                                                                                 ;
; auto_signaltap_0|vcc ; post-fitting  ; connected ; sld_signaltap:auto_signaltap_0 ; post-synthesis    ; sld_signaltap:auto_signaltap_0|~VCC ; N/A                                                                                                                                                 ;
; auto_signaltap_0|vcc ; post-fitting  ; connected ; sld_signaltap:auto_signaltap_0 ; post-synthesis    ; sld_signaltap:auto_signaltap_0|~VCC ; N/A                                                                                                                                                 ;
; auto_signaltap_0|vcc ; post-fitting  ; connected ; sld_signaltap:auto_signaltap_0 ; post-synthesis    ; sld_signaltap:auto_signaltap_0|~VCC ; N/A                                                                                                                                                 ;
; auto_signaltap_0|vcc ; post-fitting  ; connected ; sld_signaltap:auto_signaltap_0 ; post-synthesis    ; sld_signaltap:auto_signaltap_0|~VCC ; N/A                                                                                                                                                 ;
; auto_signaltap_0|vcc ; post-fitting  ; connected ; sld_signaltap:auto_signaltap_0 ; post-synthesis    ; sld_signaltap:auto_signaltap_0|~VCC ; N/A                                                                                                                                                 ;
; auto_signaltap_0|vcc ; post-fitting  ; connected ; sld_signaltap:auto_signaltap_0 ; post-synthesis    ; sld_signaltap:auto_signaltap_0|~VCC ; N/A                                                                                                                                                 ;
; auto_signaltap_0|vcc ; post-fitting  ; connected ; sld_signaltap:auto_signaltap_0 ; post-synthesis    ; sld_signaltap:auto_signaltap_0|~VCC ; N/A                                                                                                                                                 ;
; auto_signaltap_0|vcc ; post-fitting  ; connected ; sld_signaltap:auto_signaltap_0 ; post-synthesis    ; sld_signaltap:auto_signaltap_0|~VCC ; N/A                                                                                                                                                 ;
; auto_signaltap_0|vcc ; post-fitting  ; connected ; sld_signaltap:auto_signaltap_0 ; post-synthesis    ; sld_signaltap:auto_signaltap_0|~VCC ; N/A                                                                                                                                                 ;
; auto_signaltap_0|vcc ; post-fitting  ; connected ; sld_signaltap:auto_signaltap_0 ; post-synthesis    ; sld_signaltap:auto_signaltap_0|~VCC ; N/A                                                                                                                                                 ;
; auto_signaltap_0|vcc ; post-fitting  ; connected ; sld_signaltap:auto_signaltap_0 ; post-synthesis    ; sld_signaltap:auto_signaltap_0|~VCC ; N/A                                                                                                                                                 ;
+----------------------+---------------+-----------+--------------------------------+-------------------+-------------------------------------+-----------------------------------------------------------------------------------------------------------------------------------------------------+


+-----------------------------------------------------------------------------------------------------------------------------------------+
; Partition Merge Partition Statistics                                                                                                    ;
+---------------------------------------------+------+------------------+--------------------------------+--------------------------------+
; Statistic                                   ; Top  ; sld_hub:auto_hub ; sld_signaltap:auto_signaltap_0 ; hard_block:auto_generated_inst ;
+---------------------------------------------+------+------------------+--------------------------------+--------------------------------+
; Estimate of Logic utilization (ALMs needed) ; 223  ; 61               ; 401                            ; 0                              ;
;                                             ;      ;                  ;                                ;                                ;
; Combinational ALUT usage for logic          ; 413  ; 91               ; 254                            ; 0                              ;
;     -- 7 input functions                    ; 1    ; 0                ; 0                              ; 0                              ;
;     -- 6 input functions                    ; 85   ; 12               ; 66                             ; 0                              ;
;     -- 5 input functions                    ; 73   ; 25               ; 61                             ; 0                              ;
;     -- 4 input functions                    ; 85   ; 17               ; 20                             ; 0                              ;
;     -- <=3 input functions                  ; 169  ; 37               ; 107                            ; 0                              ;
; Memory ALUT usage                           ; 0    ; 0                ; 0                              ; 0                              ;
;     -- 64-address deep                      ; 0    ; 0                ; 0                              ; 0                              ;
;     -- 32-address deep                      ; 0    ; 0                ; 0                              ; 0                              ;
;                                             ;      ;                  ;                                ;                                ;
; Dedicated logic registers                   ; 343  ; 91               ; 772                            ; 0                              ;
;                                             ;      ;                  ;                                ;                                ;
;                                             ;      ;                  ;                                ;                                ;
; I/O pins                                    ; 30   ; 0                ; 0                              ; 3                              ;
; I/O registers                               ; 0    ; 0                ; 0                              ; 0                              ;
; Total block memory bits                     ; 8192 ; 0                ; 4736                           ; 0                              ;
; Total block memory implementation bits      ; 0    ; 0                ; 0                              ; 0                              ;
; JTAG                                        ; 0    ; 0                ; 0                              ; 1                              ;
;                                             ;      ;                  ;                                ;                                ;
; Connections                                 ;      ;                  ;                                ;                                ;
;     -- Input Connections                    ; 794  ; 134              ; 1208                           ; 1                              ;
;     -- Registered Input Connections         ; 587  ; 110              ; 865                            ; 0                              ;
;     -- Output Connections                   ; 78   ; 261              ; 34                             ; 1764                           ;
;     -- Registered Output Connections        ; 0    ; 261              ; 0                              ; 0                              ;
;                                             ;      ;                  ;                                ;                                ;
; Internal Connections                        ;      ;                  ;                                ;                                ;
;     -- Total Connections                    ; 4076 ; 909              ; 4186                           ; 1780                           ;
;     -- Registered Connections               ; 2197 ; 732              ; 2898                           ; 0                              ;
;                                             ;      ;                  ;                                ;                                ;
; External Connections                        ;      ;                  ;                                ;                                ;
;     -- Top                                  ; 8    ; 0                ; 74                             ; 790                            ;
;     -- sld_hub:auto_hub                     ; 0    ; 20               ; 252                            ; 123                            ;
;     -- sld_signaltap:auto_signaltap_0       ; 74   ; 252              ; 64                             ; 852                            ;
;     -- hard_block:auto_generated_inst       ; 790  ; 123              ; 852                            ; 0                              ;
;                                             ;      ;                  ;                                ;                                ;
; Partition Interface                         ;      ;                  ;                                ;                                ;
;     -- Input Ports                          ; 19   ; 45               ; 180                            ; 6                              ;
;     -- Output Ports                         ; 14   ; 62               ; 89                             ; 13                             ;
;     -- Bidir Ports                          ; 4    ; 0                ; 0                              ; 0                              ;
;                                             ;      ;                  ;                                ;                                ;
; Registered Ports                            ;      ;                  ;                                ;                                ;
;     -- Registered Input Ports               ; 0    ; 13               ; 79                             ; 0                              ;
;     -- Registered Output Ports              ; 0    ; 29               ; 75                             ; 0                              ;
;                                             ;      ;                  ;                                ;                                ;
; Port Connectivity                           ;      ;                  ;                                ;                                ;
;     -- Input Ports driven by GND            ; 0    ; 0                ; 84                             ; 0                              ;
;     -- Output Ports driven by GND           ; 0    ; 28               ; 2                              ; 0                              ;
;     -- Input Ports driven by VCC            ; 0    ; 0                ; 16                             ; 0                              ;
;     -- Output Ports driven by VCC           ; 0    ; 0                ; 1                              ; 0                              ;
;     -- Input Ports with no Source           ; 0    ; 25               ; 41                             ; 0                              ;
;     -- Output Ports with no Source          ; 0    ; 0                ; 0                              ; 0                              ;
;     -- Input Ports with no Fanout           ; 0    ; 30               ; 55                             ; 0                              ;
;     -- Output Ports with no Fanout          ; 0    ; 29               ; 77                             ; 0                              ;
+---------------------------------------------+------+------------------+--------------------------------+--------------------------------+
Note: Resource usage numbers presented for Partitions containing post-synthesis logic are estimates.  For Partitions containing post-fit logic, resource usage numbers are accurate based on previous placement information.  Actual Fitter results may vary depending on current Fitter Preservation Level assignments.


+-----------------------------------------------------------------------------------------------------------------------+
; Partition Merge Partition Pin Processing                                                                              ;
+-----------------------------------+-----------+---------------+----------+--------------------------------------------+
; Name                              ; Partition ; Type          ; Location ; Status                                     ;
+-----------------------------------+-----------+---------------+----------+--------------------------------------------+
; AUD_ADCDAT                        ; Top       ; Input Port    ; n/a      ;                                            ;
;     -- AUD_ADCDAT                 ; Top       ; Input Pad     ; Unplaced ; Synthesized                                ;
;     -- AUD_ADCDAT~input           ; Top       ; Input Buffer  ; Unplaced ; Synthesized                                ;
;                                   ;           ;               ;          ;                                            ;
; AUD_ADCLRCK                       ; Top       ; Bidir Port    ; n/a      ;                                            ;
;     -- AUD_ADCLRCK                ; Top       ; Bidir Pad     ; Unplaced ; Synthesized                                ;
;     -- AUD_ADCLRCK~output         ; Top       ; Output Buffer ; Unplaced ; Preserved from Synthesis Netlist (WYSIWYG) ;
;                                   ;           ;               ;          ;                                            ;
; AUD_BCLK                          ; Top       ; Bidir Port    ; n/a      ;                                            ;
;     -- AUD_BCLK                   ; Top       ; Bidir Pad     ; Unplaced ; Synthesized                                ;
;     -- AUD_BCLK~output            ; Top       ; Output Buffer ; Unplaced ; Preserved from Synthesis Netlist (WYSIWYG) ;
;                                   ;           ;               ;          ;                                            ;
; AUD_DACDAT                        ; Top       ; Output Port   ; n/a      ;                                            ;
;     -- AUD_DACDAT                 ; Top       ; Output Pad    ; Unplaced ; Synthesized                                ;
;     -- AUD_DACDAT~output          ; Top       ; Output Buffer ; Unplaced ; Synthesized                                ;
;                                   ;           ;               ;          ;                                            ;
; AUD_DACLRCK                       ; Top       ; Bidir Port    ; n/a      ;                                            ;
;     -- AUD_DACLRCK                ; Top       ; Bidir Pad     ; Unplaced ; Synthesized                                ;
;     -- AUD_DACLRCK~output         ; Top       ; Output Buffer ; Unplaced ; Preserved from Synthesis Netlist (WYSIWYG) ;
;                                   ;           ;               ;          ;                                            ;
; AUD_XCK                           ; Top       ; Output Port   ; n/a      ;                                            ;
;     -- AUD_XCK                    ; Top       ; Output Pad    ; Unplaced ; Synthesized                                ;
;     -- AUD_XCK~output             ; Top       ; Output Buffer ; Unplaced ; Synthesized                                ;
;                                   ;           ;               ;          ;                                            ;
; CLOCK_50                          ; Top       ; Input Port    ; n/a      ;                                            ;
;     -- CLOCK_50                   ; Top       ; Input Pad     ; Unplaced ; Synthesized                                ;
;     -- CLOCK_50~input             ; Top       ; Input Buffer  ; Unplaced ; Synthesized                                ;
;                                   ;           ;               ;          ;                                            ;
; I2C_SCLK                          ; Top       ; Output Port   ; n/a      ;                                            ;
;     -- I2C_SCLK                   ; Top       ; Output Pad    ; Unplaced ; Synthesized                                ;
;     -- I2C_SCLK~output            ; Top       ; Output Buffer ; Unplaced ; Synthesized                                ;
;                                   ;           ;               ;          ;                                            ;
; I2C_SDAT                          ; Top       ; Bidir Port    ; n/a      ;                                            ;
;     -- I2C_SDAT                   ; Top       ; Bidir Pad     ; Unplaced ; Synthesized                                ;
;     -- I2C_SDAT~output            ; Top       ; Output Buffer ; Unplaced ; Preserved from Synthesis Netlist (WYSIWYG) ;
;                                   ;           ;               ;          ;                                            ;
; KEY[0]                            ; Top       ; Input Port    ; n/a      ;                                            ;
;     -- KEY[0]                     ; Top       ; Input Pad     ; Unplaced ; Synthesized                                ;
;     -- KEY[0]~input               ; Top       ; Input Buffer  ; Unplaced ; Synthesized                                ;
;                                   ;           ;               ;          ;                                            ;
; KEY[1]                            ; Top       ; Input Port    ; n/a      ;                                            ;
;     -- KEY[1]                     ; Top       ; Input Pad     ; Unplaced ; Synthesized                                ;
;     -- KEY[1]~input               ; Top       ; Input Buffer  ; Unplaced ; Synthesized                                ;
;                                   ;           ;               ;          ;                                            ;
; KEY[2]                            ; Top       ; Input Port    ; n/a      ;                                            ;
;     -- KEY[2]                     ; Top       ; Input Pad     ; Unplaced ; Synthesized                                ;
;     -- KEY[2]~input               ; Top       ; Input Buffer  ; Unplaced ; Synthesized                                ;
;                                   ;           ;               ;          ;                                            ;
; KEY[3]                            ; Top       ; Input Port    ; n/a      ;                                            ;
;     -- KEY[3]                     ; Top       ; Input Pad     ; Unplaced ; Synthesized                                ;
;     -- KEY[3]~input               ; Top       ; Input Buffer  ; Unplaced ; Synthesized                                ;
;                                   ;           ;               ;          ;                                            ;
; LEDR[0]                           ; Top       ; Output Port   ; n/a      ;                                            ;
;     -- LEDR[0]                    ; Top       ; Output Pad    ; Unplaced ; Synthesized                                ;
;     -- LEDR[0]~output             ; Top       ; Output Buffer ; Unplaced ; Synthesized                                ;
;                                   ;           ;               ;          ;                                            ;
; LEDR[1]                           ; Top       ; Output Port   ; n/a      ;                                            ;
;     -- LEDR[1]                    ; Top       ; Output Pad    ; Unplaced ; Synthesized                                ;
;     -- LEDR[1]~output             ; Top       ; Output Buffer ; Unplaced ; Synthesized                                ;
;                                   ;           ;               ;          ;                                            ;
; LEDR[2]                           ; Top       ; Output Port   ; n/a      ;                                            ;
;     -- LEDR[2]                    ; Top       ; Output Pad    ; Unplaced ; Synthesized                                ;
;     -- LEDR[2]~output             ; Top       ; Output Buffer ; Unplaced ; Synthesized                                ;
;                                   ;           ;               ;          ;                                            ;
; LEDR[3]                           ; Top       ; Output Port   ; n/a      ;                                            ;
;     -- LEDR[3]                    ; Top       ; Output Pad    ; Unplaced ; Synthesized                                ;
;     -- LEDR[3]~output             ; Top       ; Output Buffer ; Unplaced ; Synthesized                                ;
;                                   ;           ;               ;          ;                                            ;
; LEDR[4]                           ; Top       ; Output Port   ; n/a      ;                                            ;
;     -- LEDR[4]                    ; Top       ; Output Pad    ; Unplaced ; Synthesized                                ;
;     -- LEDR[4]~output             ; Top       ; Output Buffer ; Unplaced ; Synthesized                                ;
;                                   ;           ;               ;          ;                                            ;
; LEDR[5]                           ; Top       ; Output Port   ; n/a      ;                                            ;
;     -- LEDR[5]                    ; Top       ; Output Pad    ; Unplaced ; Synthesized                                ;
;     -- LEDR[5]~output             ; Top       ; Output Buffer ; Unplaced ; Synthesized                                ;
;                                   ;           ;               ;          ;                                            ;
; LEDR[6]                           ; Top       ; Output Port   ; n/a      ;                                            ;
;     -- LEDR[6]                    ; Top       ; Output Pad    ; Unplaced ; Synthesized                                ;
;     -- LEDR[6]~output             ; Top       ; Output Buffer ; Unplaced ; Synthesized                                ;
;                                   ;           ;               ;          ;                                            ;
; LEDR[7]                           ; Top       ; Output Port   ; n/a      ;                                            ;
;     -- LEDR[7]                    ; Top       ; Output Pad    ; Unplaced ; Synthesized                                ;
;     -- LEDR[7]~output             ; Top       ; Output Buffer ; Unplaced ; Synthesized                                ;
;                                   ;           ;               ;          ;                                            ;
; LEDR[8]                           ; Top       ; Output Port   ; n/a      ;                                            ;
;     -- LEDR[8]                    ; Top       ; Output Pad    ; Unplaced ; Synthesized                                ;
;     -- LEDR[8]~output             ; Top       ; Output Buffer ; Unplaced ; Synthesized                                ;
;                                   ;           ;               ;          ;                                            ;
; LEDR[9]                           ; Top       ; Output Port   ; n/a      ;                                            ;
;     -- LEDR[9]                    ; Top       ; Output Pad    ; Unplaced ; Synthesized                                ;
;     -- LEDR[9]~output             ; Top       ; Output Buffer ; Unplaced ; Synthesized                                ;
;                                   ;           ;               ;          ;                                            ;
; SW[0]                             ; Top       ; Input Port    ; n/a      ;                                            ;
;     -- SW[0]                      ; Top       ; Input Pad     ; Unplaced ; Synthesized                                ;
;     -- SW[0]~input                ; Top       ; Input Buffer  ; Unplaced ; Synthesized                                ;
;                                   ;           ;               ;          ;                                            ;
; SW[1]                             ; Top       ; Input Port    ; n/a      ;                                            ;
;     -- SW[1]                      ; Top       ; Input Pad     ; Unplaced ; Synthesized                                ;
;     -- SW[1]~input                ; Top       ; Input Buffer  ; Unplaced ; Synthesized                                ;
;                                   ;           ;               ;          ;                                            ;
; SW[2]                             ; Top       ; Input Port    ; n/a      ;                                            ;
;     -- SW[2]                      ; Top       ; Input Pad     ; Unplaced ; Synthesized                                ;
;     -- SW[2]~input                ; Top       ; Input Buffer  ; Unplaced ; Synthesized                                ;
;                                   ;           ;               ;          ;                                            ;
; SW[3]                             ; Top       ; Input Port    ; n/a      ;                                            ;
;     -- SW[3]                      ; Top       ; Input Pad     ; Unplaced ; Synthesized                                ;
;     -- SW[3]~input                ; Top       ; Input Buffer  ; Unplaced ; Synthesized                                ;
;                                   ;           ;               ;          ;                                            ;
; SW[4]                             ; Top       ; Input Port    ; n/a      ;                                            ;
;     -- SW[4]                      ; Top       ; Input Pad     ; Unplaced ; Synthesized                                ;
;     -- SW[4]~input                ; Top       ; Input Buffer  ; Unplaced ; Synthesized                                ;
;                                   ;           ;               ;          ;                                            ;
; SW[5]                             ; Top       ; Input Port    ; n/a      ;                                            ;
;     -- SW[5]                      ; Top       ; Input Pad     ; Unplaced ; Synthesized                                ;
;     -- SW[5]~input                ; Top       ; Input Buffer  ; Unplaced ; Synthesized                                ;
;                                   ;           ;               ;          ;                                            ;
; SW[6]                             ; Top       ; Input Port    ; n/a      ;                                            ;
;     -- SW[6]                      ; Top       ; Input Pad     ; Unplaced ; Synthesized                                ;
;     -- SW[6]~input                ; Top       ; Input Buffer  ; Unplaced ; Synthesized                                ;
;                                   ;           ;               ;          ;                                            ;
; SW[7]                             ; Top       ; Input Port    ; n/a      ;                                            ;
;     -- SW[7]                      ; Top       ; Input Pad     ; Unplaced ; Synthesized                                ;
;     -- SW[7]~input                ; Top       ; Input Buffer  ; Unplaced ; Synthesized                                ;
;                                   ;           ;               ;          ;                                            ;
; SW[8]                             ; Top       ; Input Port    ; n/a      ;                                            ;
;     -- SW[8]                      ; Top       ; Input Pad     ; Unplaced ; Synthesized                                ;
;     -- SW[8]~input                ; Top       ; Input Buffer  ; Unplaced ; Synthesized                                ;
;                                   ;           ;               ;          ;                                            ;
; SW[9]                             ; Top       ; Input Port    ; n/a      ;                                            ;
;     -- SW[9]                      ; Top       ; Input Pad     ; Unplaced ; Synthesized                                ;
;     -- SW[9]~input                ; Top       ; Input Buffer  ; Unplaced ; Synthesized                                ;
;                                   ;           ;               ;          ;                                            ;
; altera_reserved_tck               ; Top       ; Input Port    ; n/a      ;                                            ;
;     -- altera_reserved_tck        ; Top       ; Input Pad     ; Unplaced ; Synthesized                                ;
;     -- altera_reserved_tck~input  ; Top       ; Input Buffer  ; Unplaced ; Synthesized                                ;
;                                   ;           ;               ;          ;                                            ;
; altera_reserved_tdi               ; Top       ; Input Port    ; n/a      ;                                            ;
;     -- altera_reserved_tdi        ; Top       ; Input Pad     ; Unplaced ; Synthesized                                ;
;     -- altera_reserved_tdi~input  ; Top       ; Input Buffer  ; Unplaced ; Synthesized                                ;
;                                   ;           ;               ;          ;                                            ;
; altera_reserved_tdo               ; Top       ; Output Port   ; n/a      ;                                            ;
;     -- altera_reserved_tdo        ; Top       ; Output Pad    ; Unplaced ; Synthesized                                ;
;     -- altera_reserved_tdo~output ; Top       ; Output Buffer ; Unplaced ; Synthesized                                ;
;                                   ;           ;               ;          ;                                            ;
; altera_reserved_tms               ; Top       ; Input Port    ; n/a      ;                                            ;
;     -- altera_reserved_tms        ; Top       ; Input Pad     ; Unplaced ; Synthesized                                ;
;     -- altera_reserved_tms~input  ; Top       ; Input Buffer  ; Unplaced ; Synthesized                                ;
;                                   ;           ;               ;          ;                                            ;
+-----------------------------------+-----------+---------------+----------+--------------------------------------------+


+--------------------------------------------------------------+
; Partition Merge Resource Usage Summary                       ;
+---------------------------------------------+----------------+
; Resource                                    ; Usage          ;
+---------------------------------------------+----------------+
; Estimate of Logic utilization (ALMs needed) ; 683            ;
;                                             ;                ;
; Combinational ALUT usage for logic          ; 758            ;
;     -- 7 input functions                    ; 1              ;
;     -- 6 input functions                    ; 163            ;
;     -- 5 input functions                    ; 159            ;
;     -- 4 input functions                    ; 122            ;
;     -- <=3 input functions                  ; 313            ;
;                                             ;                ;
; Dedicated logic registers                   ; 1206           ;
;                                             ;                ;
; I/O pins                                    ; 33             ;
; Total MLAB memory bits                      ; 0              ;
; Total block memory bits                     ; 12928          ;
;                                             ;                ;
; Total DSP Blocks                            ; 0              ;
;                                             ;                ;
; Total PLLs                                  ; 1              ;
;     -- PLLs                                 ; 1              ;
;                                             ;                ;
; Maximum fan-out node                        ; CLOCK_50~input ;
; Maximum fan-out                             ; 896            ;
; Total fan-out                               ; 8667           ;
; Average fan-out                             ; 4.04           ;
+---------------------------------------------+----------------+


+--------------------------------------------------------------------------------------------------------------------------------------------------------------------------------------------------------------------------------------------------------------------------------------------------------------------------------------------------------+
; Partition Merge RAM Summary                                                                                                                                                                                                                                                                                                                            ;
+----------------------------------------------------------------------------------------------------------------------------------------------------------------------------------------------------------------------------------------------------+------+------------------+--------------+--------------+--------------+--------------+------+------+
; Name                                                                                                                                                                                                                                               ; Type ; Mode             ; Port A Depth ; Port A Width ; Port B Depth ; Port B Width ; Size ; MIF  ;
+----------------------------------------------------------------------------------------------------------------------------------------------------------------------------------------------------------------------------------------------------+------+------------------+--------------+--------------+--------------+--------------+------+------+
; AudioCodec:u2|AudioCodec_audio_0:audio_0|altera_up_audio_in_deserializer:Audio_In_Deserializer|altera_up_sync_fifo:Audio_In_Left_Channel_FIFO|scfifo:Sync_FIFO|scfifo_9ba1:auto_generated|a_dpfifo_s2a1:dpfifo|altsyncram_r3i1:FIFOram|ALTSYNCRAM  ; AUTO ; Simple Dual Port ; 128          ; 16           ; 128          ; 16           ; 2048 ; None ;
; AudioCodec:u2|AudioCodec_audio_0:audio_0|altera_up_audio_in_deserializer:Audio_In_Deserializer|altera_up_sync_fifo:Audio_In_Right_Channel_FIFO|scfifo:Sync_FIFO|scfifo_9ba1:auto_generated|a_dpfifo_s2a1:dpfifo|altsyncram_r3i1:FIFOram|ALTSYNCRAM ; AUTO ; Simple Dual Port ; 128          ; 16           ; 128          ; 16           ; 2048 ; None ;
; AudioCodec:u2|AudioCodec_audio_0:audio_0|altera_up_audio_out_serializer:Audio_Out_Serializer|altera_up_sync_fifo:Audio_Out_Left_Channel_FIFO|scfifo:Sync_FIFO|scfifo_9ba1:auto_generated|a_dpfifo_s2a1:dpfifo|altsyncram_r3i1:FIFOram|ALTSYNCRAM   ; AUTO ; Simple Dual Port ; 128          ; 16           ; 128          ; 16           ; 2048 ; None ;
; AudioCodec:u2|AudioCodec_audio_0:audio_0|altera_up_audio_out_serializer:Audio_Out_Serializer|altera_up_sync_fifo:Audio_Out_Right_Channel_FIFO|scfifo:Sync_FIFO|scfifo_9ba1:auto_generated|a_dpfifo_s2a1:dpfifo|altsyncram_r3i1:FIFOram|ALTSYNCRAM  ; AUTO ; Simple Dual Port ; 128          ; 16           ; 128          ; 16           ; 2048 ; None ;
; sld_signaltap:auto_signaltap_0|sld_signaltap_impl:sld_signaltap_body|sld_signaltap_implb:sld_signaltap_body|altsyncram:\stp_non_zero_ram_gen:stp_buffer_ram|altsyncram_qb84:auto_generated|ALTSYNCRAM                                              ; AUTO ; Simple Dual Port ; 128          ; 37           ; 128          ; 37           ; 4736 ; None ;
+----------------------------------------------------------------------------------------------------------------------------------------------------------------------------------------------------------------------------------------------------+------+------------------+--------------+--------------+--------------+--------------+------+------+


+--------------------------+
; Partition Merge Messages ;
+--------------------------+
Info: *******************************************************************
Info: Running Quartus Prime Partition Merge
    Info: Version 17.1.0 Build 590 10/25/2017 SJ Lite Edition
    Info: Processing started: Sun Jul 14 18:37:14 2019
Info: Command: quartus_cdb --read_settings_files=off --write_settings_files=off AudioFX -c AudioFX --merge=on
Warning (18236): Number of processors has not been specified which may cause overloading on shared machines.  Set the global assignment NUM_PARALLEL_PROCESSORS in your QSF to an appropriate value for best performance.
Info (35007): Using synthesis netlist for partition "Top"
Info (35007): Using synthesis netlist for partition "sld_hub:auto_hub"
Info (35007): Using synthesis netlist for partition "sld_signaltap:auto_signaltap_0"
Critical Warning (35025): Partially connected in-system debug instance "auto_signaltap_0" to 39 of its 107 required data inputs, trigger inputs, acquisition clocks, and dynamic pins.  There were 0 illegal, 0 inaccessible, and 68 missing sources or connections.
Info (35002): Resolved and merged 3 partition(s)
Info (16010): Generating hard_block partition "hard_block:auto_generated_inst"
    Info (16011): Adding 16 node(s), including 0 DDIO, 1 PLL, 0 transceiver and 0 LCELL
Critical Warning (138067): Current license file does not support incremental compilation. The Quartus Prime software removes all the user-specified design partitions in the design automatically.
Warning (21074): Design contains 12 input pin(s) that do not drive logic
    Warning (15610): No output dependent on input pin "SW[1]" File: D:/Documents/nav docs/FPGA/audiofx.sv Line: 23
    Warning (15610): No output dependent on input pin "SW[2]" File: D:/Documents/nav docs/FPGA/audiofx.sv Line: 23
    Warning (15610): No output dependent on input pin "SW[3]" File: D:/Documents/nav docs/FPGA/audiofx.sv Line: 23
    Warning (15610): No output dependent on input pin "SW[4]" File: D:/Documents/nav docs/FPGA/audiofx.sv Line: 23
    Warning (15610): No output dependent on input pin "SW[5]" File: D:/Documents/nav docs/FPGA/audiofx.sv Line: 23
    Warning (15610): No output dependent on input pin "SW[6]" File: D:/Documents/nav docs/FPGA/audiofx.sv Line: 23
    Warning (15610): No output dependent on input pin "SW[7]" File: D:/Documents/nav docs/FPGA/audiofx.sv Line: 23
    Warning (15610): No output dependent on input pin "SW[8]" File: D:/Documents/nav docs/FPGA/audiofx.sv Line: 23
    Warning (15610): No output dependent on input pin "SW[9]" File: D:/Documents/nav docs/FPGA/audiofx.sv Line: 23
    Warning (15610): No output dependent on input pin "KEY[1]" File: D:/Documents/nav docs/FPGA/audiofx.sv Line: 25
    Warning (15610): No output dependent on input pin "KEY[2]" File: D:/Documents/nav docs/FPGA/audiofx.sv Line: 25
    Warning (15610): No output dependent on input pin "KEY[3]" File: D:/Documents/nav docs/FPGA/audiofx.sv Line: 25
Info (21057): Implemented 1602 device resources after synthesis - the final resource count might be different
    Info (21058): Implemented 19 input pins
    Info (21059): Implemented 14 output pins
    Info (21060): Implemented 4 bidirectional pins
    Info (21061): Implemented 1462 logic cells
    Info (21064): Implemented 101 RAM segments
    Info (21065): Implemented 1 PLLs
Info: Quartus Prime Partition Merge was successful. 0 errors, 16 warnings
    Info: Peak virtual memory: 4792 megabytes
    Info: Processing ended: Sun Jul 14 18:37:16 2019
    Info: Elapsed time: 00:00:02
    Info: Total CPU time (on all processors): 00:00:02


